$ edenx build
  EdenX Framework v1.65.1

info    Starting production build...
[Argus Security Plugin]  3.1.9
============= Argus Webpack Plugin Options =============
{
  xss: {
    enable: true,
    reportOnly: false,
    excludes: [ 'node_modules' ],
    appId: '',
    log: false,
    ignore: {},
    configMode: 'merge',
    blackConfig: {},
    includes: [],
    includeChunks: [],
    excludeChunks: [],
    urlLimit: -1,
    htmlLimit: -1,
    isSaveValidUrl: false,
    isUseNewFunction: true,
    isCloseSSRReport: false,
    isDOMParser: false,
    escapeRule: 'escape-report',
    runtimeType: 'module',
    modulePath: '',
    babelPath: '@ies/argus-builder-strategy/dist/lib/babel-plugin-filter-xss.js',
    injectImportOrRequire: 'import',
    buildType: 'babel-plugin',
    swcRuleOptions: { exclude: /node_modules/ },
    isRuntimeLog: false,
    isInjectGlobal: true
  },
  filter: {
    enable: true,
    customFilter: [ [Object] ],
    defaultFilterKey: '$',
    domesticAppInfoFilter: false,
    log: true,
    filter: /(\.js|\.ejs|\.json|\.js\.map)$/,
    isFilterBuffer: false,
    isFilterInternal: true
  },
  common: {
    report: {
      bid: 'alliance_operation_content',
      region: 'cn',
      allTime: true,
      allData: true,
      filter: [Object],
      encode: [Object],
      csp: [Object],
      xss: [Object],
      openRedirect: [Object]
    },
    hashSalt: '',
    disabledPlatformSettings: true,
    projectId: -1,
    subProjectName: '',
    version: '',
    printOptions: true
  },
  encode: {
    enable: false,
    log: false,
    sensitiveInfo: [],
    computedProperty: false,
    convertRegExpLiteral: false,
    loaderPath: '@ies/argus-builder-strategy/dist/lib/encode-loader.js',
    buildType: 'babel-plugin',
    runtimeType: 'inject',
    isUseNewFunction: true
  },
  csp: {
    enable: false,
    token: 'argus-csp-token',
    nonceArray: [],
    outputReplaceEnable: false,
    log: false
  },
  openRedirect: {
    enable: false,
    projectId: -1,
    subProjectName: '',
    limitLevel: 7,
    reportOnly: true,
    injectImportOrRequire: 'import',
    customRoute: '',
    checkTimeLimit: 1.5,
    log: false,
    whiteUrl: [],
    blackUrl: [],
    frontWhiteUrl: [],
    frontBlackUrl: [],
    includes: [],
    excludes: [],
    imgBase64: '',
    promptText: '',
    customHtml: '',
    storageKey: 'ARGUS_STORAGE_OPEN_REDIRECT',
    cacheTimeFront: 12,
    cacheTimeServer: 24,
    babelPath: '@ies/argus-builder-strategy/dist/lib/babel-plugin-open-redirect.js',
    modulePath: '',
    runtimeType: 'module',
    isUseNewFunction: true,
    isProtectDangerousHTML: false,
    isProtectCreateElementForATag: false,
    buildType: 'babel-plugin',
    swcRuleOptions: { exclude: /node_modules/ }
  },
  sri: {
    enable: false,
    algorithm: 'sha384',
    handleType: 're-request-replaced',
    domain: ''
  }
}
============= Argus Webpack Plugin Options =============
Warning: The BUILD_BASE_COMMIT_HASH env is not defined.Perhaps is not running in scm environment.The coverage plugin will do nothing.
若需 Argus XSS 所有日志，请把此能力 log 设置为 true
「 FilterXSS 」 js.href/src
「 FilterXSS 」 /Users/bytedance/cx/spec-2/meego-11/meego-7306602080/repos/alliance-operation-mono/apps/alliance-operation-content/src/routes/hotspot-manage/data/page.tsx
 (24,24) XSS risk is detected (js.href/src) and XSS default defense is enabled 

[Argus Security Plugin]  filter
┌──────────┬───────────────────────────────────────────────────────────────────────────┐
│ (index)  │ Values                                                                    │
├──────────┼───────────────────────────────────────────────────────────────────────────┤
│ File     │ 'alliance-operation-content/static/js/async/7390.bdc64480.js.map 1451897' │
│ Target   │ 'code.byted.org'                                                          │
│ Origin   │ 'n        // https://code.byted.org/toutiao-fe/slardar/'                  │
│ Replaced │ 'n        // https://$$$$$$$/toutiao-fe/slardar/'                         │
└──────────┴───────────────────────────────────────────────────────────────────────────┘
[Argus Security Plugin]  filter
┌──────────┬──────────────────────────────────────────────────────────────────────────┐
│ (index)  │ Values                                                                   │
├──────────┼──────────────────────────────────────────────────────────────────────────┤
│ File     │ 'alliance-operation-content/static/js/async/8844.bb846c43.js.map 398774' │
│ Target   │ 'code.byted.org'                                                         │
│ Origin   │ '位问题\\n    // https://code.byted.org/toutiao-fe/slardar/'             │
│ Replaced │ '位问题\\n    // https://$$$$$$$/toutiao-fe/slardar/'                    │
└──────────┴──────────────────────────────────────────────────────────────────────────┘
ready   Built in 10.7 s (web)

  File (web)                                                                                                           Size         Gzip    
  dist/alliance-operation-content/static/js/async/8048.4f04331a.js                                                     0.90 kB      0.37 kB
  dist/alliance-operation-content/static/js/async/6345.34abc4d6.js                                                     1.1 kB       0.58 kB
  dist/alliance-operation-content/static/js/async/1379.04fdfdd7.js                                                     1.5 kB       0.57 kB
  dist/alliance-operation-content/static/js/async/3565.b296563d.js                                                     1.7 kB       0.69 kB
  dist/alliance-operation-content/static/js/async/2714.0bafcf67.js                                                     1.8 kB       0.87 kB
  dist/alliance-operation-content/static/js/async/378.9917db34.js                                                      1.9 kB       0.90 kB
  dist/alliance-operation-content/static/js/async/3232.45455444.js                                                     1.9 kB       0.87 kB
  dist/alliance-operation-content/static/js/async/4703.1680e450.js                                                     1.9 kB       0.91 kB
  dist/alliance-operation-content/static/js/async/7981.c281dfa7.js                                                     1.9 kB       0.72 kB
  dist/alliance-operation-content/static/js/async/1984.7b17e14e.js                                                     2.0 kB       0.96 kB
  dist/alliance-operation-content/static/js/async/4940.be17872e.js                                                     2.2 kB       0.97 kB
  dist/alliance-operation-content/static/js/async/3048.78e394c0.js                                                     2.2 kB       1.0 kB
  dist/alliance-operation-content/static/js/async/4893.3fbc7dca.js                                                     2.3 kB       1.1 kB
  dist/alliance-operation-content/static/js/async/6370.cc69bda8.js                                                     2.5 kB       1.1 kB
  dist/alliance-operation-content/static/js/async/187.c6ac0941.js                                                      2.5 kB       0.97 kB
  dist/alliance-operation-content/static/js/async/4721.c20f437a.js                                                     2.5 kB       0.99 kB
  dist/alliance-operation-content/static/js/async/5333.5385e2d0.js                                                     2.6 kB       1.2 kB
  dist/alliance-operation-content/static/js/async/9415.25f9d74c.js                                                     2.6 kB       1.1 kB
  dist/alliance-operation-content/static/js/async/2825.443ec232.js                                                     2.7 kB       1.2 kB
  dist/alliance-operation-content/static/js/async/5152.1cda8800.js                                                     2.7 kB       1.1 kB
  dist/alliance-operation-content/static/js/async/3898.6e48fbc8.js                                                     2.8 kB       1.1 kB
  dist/alliance-operation-content/static/js/async/6518.77b44c90.js                                                     2.8 kB       1.3 kB
  dist/alliance-operation-content/static/js/async/7049.4ef3a226.js                                                     2.9 kB       1.4 kB
  dist/alliance-operation-content/static/js/async/4841.ab8cba81.js                                                     3.0 kB       1.4 kB
  dist/alliance-operation-content/static/js/async/1027.2835bd74.js                                                     3.0 kB       1.4 kB
  dist/alliance-operation-content/static/js/async/8261.193e9945.js                                                     3.1 kB       1.2 kB
  dist/alliance-operation-content/static/js/async/7286.7558d150.js                                                     3.2 kB       1.3 kB
  dist/alliance-operation-content/static/js/async/631.c5847ce1.js                                                      3.2 kB       1.5 kB
  dist/alliance-operation-content/static/js/async/281.219c6c97.js                                                      3.3 kB       1.4 kB
  dist/alliance-operation-content/static/js/async/2517.8f113db3.js                                                     3.3 kB       1.4 kB
  dist/alliance-operation-content/static/js/async/8998.f5d2f785.js                                                     3.4 kB       1.5 kB
  dist/alliance-operation-content/static/js/async/7459.5f1d5309.js                                                     3.4 kB       1.5 kB
  dist/alliance-operation-content/static/js/async/3684.51ca7842.js                                                     3.6 kB       1.5 kB
  dist/alliance-operation-content/static/js/async/hotspot-manage/data/page.0107d6d4.js                                 3.6 kB       1.6 kB
  dist/alliance-operation-content/static/js/async/3458.b9e25127.js                                                     3.6 kB       1.4 kB
  dist/alliance-operation-content/static/js/async/2248.92971f8e.js                                                     3.6 kB       1.3 kB
  dist/alliance-operation-content/static/js/async/8182.77401de2.js                                                     3.6 kB       1.5 kB
  dist/alliance-operation-content/static/js/async/5581.6d4fc8ec.js                                                     3.8 kB       1.4 kB
  dist/alliance-operation-content/static/js/async/8595.94f5ef53.js                                                     3.9 kB       1.5 kB
  dist/alliance-operation-content/static/js/async/3054.b8ba8541.js                                                     3.9 kB       1.4 kB
  dist/alliance-operation-content/static/js/async/2279.552feddf.js                                                     4.0 kB       1.8 kB
  dist/alliance-operation-content/static/js/async/6926.7e8fbe2b.js                                                     4.1 kB       1.5 kB
  dist/alliance-operation-content/static/js/async/9222.0cb03fe4.js                                                     4.2 kB       1.9 kB
  dist/alliance-operation-content/static/js/async/7298.84aec1e0.js                                                     4.3 kB       1.8 kB
  dist/alliance-operation-content/static/js/async/9756.792aa587.js                                                     4.3 kB       1.7 kB
  dist/alliance-operation-content/static/js/async/4635.d5250c71.js                                                     4.3 kB       1.7 kB
  dist/alliance-operation-content/static/js/async/7585.2c12596b.js                                                     4.5 kB       1.8 kB
  dist/alliance-operation-content/static/js/async/1945.2ce3c395.js                                                     4.6 kB       1.4 kB
  dist/alliance-operation-content/static/js/async/7938.9cf65c82.js                                                     4.6 kB       1.8 kB
  dist/alliance-operation-content/static/js/async/7580.ca9fcfe6.js                                                     4.7 kB       1.6 kB
  dist/alliance-operation-content/static/js/async/391.3931c61a.js                                                      4.9 kB       1.7 kB
  dist/alliance-operation-content/static/js/async/362.8108ab36.js                                                      5.0 kB       2.1 kB
  dist/alliance-operation-content/static/js/async/7486.502761a2.js                                                     5.0 kB       2.0 kB
  dist/alliance-operation-content/static/js/async/9779.06335b1e.js                                                     5.2 kB       1.6 kB
  dist/alliance-operation-content/static/js/async/9046.1069920a.js                                                     5.3 kB       2.3 kB
  dist/alliance-operation-content/static/js/async/2290.c49ae91e.js                                                     5.3 kB       2.1 kB
  dist/alliance-operation-content/static/js/async/6909.b525bf86.js                                                     5.4 kB       1.6 kB
  dist/alliance-operation-content/static/js/async/5142.e0a9a3d6.js                                                     5.6 kB       2.1 kB
  dist/alliance-operation-content/static/js/async/120.c846083c.js                                                      5.7 kB       2.3 kB
  dist/alliance-operation-content/static/js/async/7843.efbf3c88.js                                                     5.8 kB       2.1 kB
  dist/alliance-operation-content/static/js/async/5443.eff27659.js                                                     6.0 kB       1.6 kB
  dist/alliance-operation-content/static/js/async/3.82d65342.js                                                        6.4 kB       1.8 kB
  dist/alliance-operation-content/static/js/async/2722.b402cc6e.js                                                     6.6 kB       2.5 kB
  dist/alliance-operation-content/static/js/async/9161.438f43d7.js                                                     6.9 kB       2.5 kB
  dist/alliance-operation-content/static/js/async/8046.c8853bc5.js                                                     7.1 kB       1.8 kB
  dist/alliance-operation-content/static/js/async/1534.1dd0a8d9.js                                                     7.3 kB       2.7 kB
  dist/alliance-operation-content/static/js/async/6428.144e6b8b.js                                                     7.4 kB       2.1 kB
  dist/alliance-operation-content/static/js/async/6080.b35d83e4.js                                                     7.4 kB       2.8 kB
  dist/alliance-operation-content/static/js/async/3010.efded984.js                                                     7.4 kB       2.3 kB
  dist/alliance-operation-content/static/js/async/1509.a0eb3069.js                                                     7.6 kB       2.8 kB
  dist/alliance-operation-content/static/js/async/6645.a5a30e74.js                                                     7.9 kB       2.5 kB
  dist/alliance-operation-content/static/js/async/3828.e16ba03e.js                                                     8.1 kB       2.1 kB
  dist/alliance-operation-content/static/js/async/3142.2c172709.js                                                     8.3 kB       3.2 kB
  dist/alliance-operation-content/static/js/async/6604.d731f6ea.js                                                     8.5 kB       2.6 kB
  dist/alliance-operation-content/static/js/async/8326.d7b6b68d.js                                                     9.0 kB       3.0 kB
  dist/alliance-operation-content/static/js/async/1307.4d4a6799.js                                                     9.1 kB       2.1 kB
  dist/alliance-operation-content/static/js/async/4250.f710094d.js                                                     9.1 kB       2.5 kB
  dist/alliance-operation-content/static/js/async/9160.ee0ea45d.js                                                     9.7 kB       3.7 kB
  dist/alliance-operation-content/static/js/async/1197.f33e57bd.js                                                     10.3 kB      2.6 kB
  dist/alliance-operation-content/static/js/async/3799.eaf73535.js                                                     10.3 kB      3.9 kB
  dist/alliance-operation-content/static/js/async/5782.859975dc.js                                                     11.3 kB      4.2 kB
  dist/alliance-operation-content/static/js/async/5882.b6f69165.js                                                     11.3 kB      4.1 kB
  dist/alliance-operation-content/static/js/async/6452.969ba53b.js                                                     11.8 kB      4.4 kB
  dist/alliance-operation-content/static/js/async/9468.03004f92.js                                                     12.3 kB      4.3 kB
  dist/alliance-operation-content/static/js/async/2117.b6ff74b5.js                                                     13.1 kB      4.8 kB
  dist/alliance-operation-content/static/js/async/4794.2cb2e25f.js                                                     13.5 kB      4.6 kB
  dist/alliance-operation-content/static/js/main.7255b216.js                                                           13.7 kB      5.7 kB
  dist/alliance-operation-content/static/js/async/1339.b84de549.js                                                     14.2 kB      5.4 kB
  dist/alliance-operation-content/static/js/async/6119.e6c60bdd.js                                                     14.5 kB      5.5 kB
  dist/alliance-operation-content/static/js/async/7471.16a4a2c9.js                                                     14.6 kB      4.0 kB
  dist/alliance-operation-content/static/js/async/8117.e2711e57.js                                                     15.1 kB      4.5 kB
  dist/alliance-operation-content/static/js/async/6793.6e803036.js                                                     15.2 kB      5.1 kB
  dist/alliance-operation-content/static/js/async/7953.0154663a.js                                                     15.6 kB      5.4 kB
  dist/alliance-operation-content/static/js/async/6736.717b5c53.js                                                     16.4 kB      4.3 kB
  dist/alliance-operation-content/static/js/async/7362.858c8666.js                                                     16.5 kB      5.0 kB
  dist/alliance-operation-content/static/js/async/6118.24269700.js                                                     17.0 kB      4.9 kB
  dist/alliance-operation-content/static/js/async/3963.df1ee1ac.js                                                     17.1 kB      4.6 kB
  dist/alliance-operation-content/static/js/async/974.0091a757.js                                                      17.5 kB      4.5 kB
  dist/alliance-operation-content/static/js/async/5502.f8794af1.js                                                     18.3 kB      5.5 kB
  dist/alliance-operation-content/static/js/async/3634.32285517.js                                                     18.6 kB      4.5 kB
  dist/alliance-operation-content/static/js/async/704.4d7decd7.js                                                      19.1 kB      6.6 kB
  dist/alliance-operation-content/static/js/async/1965.9c14d2ab.js                                                     20.1 kB      5.7 kB
  dist/alliance-operation-content/static/js/async/8256.32ab293c.js                                                     21.3 kB      7.7 kB
  dist/alliance-operation-content/static/js/async/9451.6916798f.js                                                     21.9 kB      7.1 kB
  dist/alliance-operation-content/static/js/async/5282.b84e92d5.js                                                     23.1 kB      8.4 kB
  dist/alliance-operation-content/static/js/async/6203.e22d23bf.js                                                     23.5 kB      6.5 kB
  dist/vmok-manifest.json                                                                                              26.4 kB      2.5 kB
  dist/vmok-manifest-stats.json                                                                                        26.6 kB      2.5 kB
  dist/alliance-operation-content/static/js/async/8413.ab9a198d.js                                                     26.7 kB      7.2 kB
  dist/alliance-operation-content/static/js/async/7822.44d90bb4.js                                                     28.0 kB      8.0 kB
  dist/alliance-operation-content/static/js/async/3185.677b1577.js                                                     28.0 kB      8.1 kB
  dist/html/main/index.html                                                                                            28.6 kB      3.5 kB
  dist/alliance-operation-content/static/js/async/5301.22065eef.js                                                     32.2 kB      8.4 kB
  dist/alliance-operation-content/static/js/async/4571.2c861694.js                                                     32.6 kB      7.1 kB
  dist/alliance-operation-content/static/js/async/7272.e07271b7.js                                                     40.8 kB      9.2 kB
  dist/routes-manifest.json                                                                                            42.1 kB      1.9 kB
  dist/alliance-operation-content/static/js/async/506.99ff41c1.js                                                      44.7 kB      9.5 kB
  dist/alliance-operation-content/static/js/async/299.9deb5337.js                                                      46.9 kB      11.4 kB
  dist/alliance-operation-content/static/js/async/2320.a2aafc84.js                                                     48.8 kB      20.2 kB
  dist/alliance-operation-content/static/js/async/lib-axios.9a67a0ae.js                                                52.4 kB      18.2 kB
  dist/alliance-operation-content/static/js/async/9308.abb4f5ed.js                                                     52.6 kB      10.5 kB
  dist/alliance-operation-content/static/js/async/5656.90213282.js                                                     53.1 kB      15.3 kB
  dist/alliance-operation-content/static/js/async/hotspot-manage/list/page.c85e956e.js                                 54.3 kB      13.1 kB
  dist/alliance-operation-content/static/js/async/buyer-show-manage/list/page.bbbb2278.js                              54.6 kB      13.7 kB
  dist/alliance-operation-content/static/js/async/1944.668a1cd3.js                                                     54.9 kB      14.8 kB
  dist/alliance-operation-content/static/js/async/buyer-show-manage/plan-detail/page.bebbd335.js                       60.4 kB      15.0 kB
  dist/alliance-operation-content/static/js/async/6366.95a9569d.js                                                     61.1 kB      17.9 kB
  dist/alliance-operation-content/static/js/async/content-activity/list/page.e26a11d2.js                               70.5 kB      16.5 kB
  dist/alliance-operation-content/static/js/async/941.3b6737a9.js                                                      77.1 kB      23.0 kB
  dist/alliance-operation-content/static/js/async/revenue-strategy/list/page.d9e1d162.js                               79.8 kB      18.5 kB
  dist/alliance-operation-content/static/js/async/5467.04d435e9.js                                                     82.9 kB      14.8 kB
  dist/alliance-operation-content/static/js/async/buyer-show-manage/detail/page.e5e3abf5.js                            84.3 kB      19.2 kB
  dist/alliance-operation-content/static/js/async/video-manage/list/page.4e7bc3e9.js                                   88.7 kB      18.5 kB
  dist/alliance-operation-content/static/js/async/8510.dcd764b1.js                                                     90.5 kB      16.3 kB
  dist/alliance-operation-content/static/js/async/8585.d82b9a41.js                                                     91.4 kB      25.8 kB
  dist/alliance-operation-content/static/js/async/6577.b68b4b77.js                                                     108.2 kB     25.9 kB
  dist/alliance-operation-content/static/js/async/8751.dc912d2a.js                                                     115.4 kB     27.2 kB
  dist/alliance-operation-content/static/js/async/8681.7fd83f71.js                                                     115.6 kB     32.4 kB
  dist/alliance-operation-content/static/js/async/2478.ebc1b893.js                                                     116.0 kB     32.5 kB
  dist/alliance-operation-content/static/js/async/hotspot-manage/detail/page.01635171.js                               119.0 kB     26.6 kB
  dist/alliance-operation-content/static/font/codicon.82ef5bb7.ttf                                                     122.0 kB 
  dist/alliance-operation-content/static/js/async/7011.e35e2e96.js                                                     129.5 kB     21.7 kB
  dist/alliance-operation-content/static/js/async/lib-react.1d2192f0.js                                                140.1 kB     44.9 kB
  dist/alliance-operation-content/static/js/async/6873.f99b9d78.js                                                     144.1 kB     26.5 kB
  dist/alliance-operation-content/static/js/async/good-look-selection/good-content-week-selection/page.cdfeeb1a.js     144.4 kB     31.0 kB
  dist/alliance-operation-content/static/js/async/revenue-strategy/detail/page.a9867ee9.js                             146.7 kB     29.7 kB
  dist/alliance-operation-content/static/js/3417.a5c75580.js                                                           147.8 kB     37.4 kB
  dist/alliance-operation-content/static/js/async/5738.e268c913.js                                                     169.9 kB     41.0 kB
  dist/alliance-operation-content/static/js/async/8231.387e2fa6.js                                                     200.6 kB     63.7 kB
  dist/alliance-operation-content/static/js/async/good-look-selection/good-content-month-selection/page.f4325367.js    205.2 kB     42.1 kB
  dist/alliance-operation-content/static/js/async/3912.78364a93.js                                                     237.9 kB     49.8 kB
  dist/alliance-operation-content/static/js/async/good-look-selection/good-author-selection/page.72841dee.js           242.2 kB     49.7 kB
  dist/alliance-operation-content/static/js/async/9041.bd912567.js                                                     251.2 kB     49.9 kB
  dist/alliance-operation-content/static/js/async/live-manage/list/page.11f5e70d.js                                    265.5 kB     54.4 kB
  dist/alliance-operation-content/static/js/async/4016.b10d5550.js                                                     295.2 kB     33.9 kB
  dist/alliance-operation-content/static/js/async/video-manage/detail/page.ed23cd3e.js                                 295.8 kB     94.4 kB
  dist/alliance-operation-content/static/js/async/8844.bb846c43.js                                                     339.0 kB     94.8 kB
  dist/alliance-operation-content/static/js/async/4993.5d661f60.js                                                     355.2 kB     91.0 kB
  dist/alliance-operation-content/static/js/async/3983.8281af54.js                                                     381.7 kB     81.2 kB
  dist/alliance-operation-content/static/js/async/4817.7bbec462.js                                                     388.3 kB     99.4 kB
  dist/alliance-operation-content/static/js/async/7940.ed07aa17.js                                                     433.9 kB     100.1 kB
  dist/alliance-operation-content/static/js/async/content-activity/edit/page.28cebcb7.js                               465.9 kB     91.5 kB
  dist/alliance-operation-content/static/js/async/145.db833fa3.js                                                      551.8 kB     154.0 kB
  dist/alliance-operation-content/static/js/async/6551.ed0d8b5d.js                                                     634.8 kB     137.5 kB
  dist/alliance-operation-content/static/js/async/862.55c72a64.js                                                      776.4 kB     154.9 kB
  dist/alliance-operation-content/static/js/async/1401.0323955c.js                                                     776.5 kB     196.2 kB
  dist/alliance-operation-content/static/js/async/2824.dafa18cc.js                                                     842.0 kB     230.6 kB
  dist/alliance-operation-content/static/js/async/content-activity/award/page.42b33f67.js                              947.2 kB     187.7 kB
  dist/alliance-operation-content/static/js/async/5447.d372327c.js                                                     1326.4 kB    233.3 kB
  dist/alliance-operation-content/static/js/async/lib-router.7a6b147c.js                                               1420.5 kB    308.0 kB
  dist/alliance-operation-content/static/js/async/7390.bdc64480.js                                                     2437.7 kB    496.7 kB
  dist/alliance-operation-content/static/js/async/5409.5ae8397a.js                                                     3948.8 kB    990.4 kB
  dist/alliance-operation-content/static/js/async/2013.8d0c8609.js                                                     6691.7 kB    1411.2 kB

  Total: 28784.2 kB (gzip: 6637.1 kB)

